
> pardos@0.0.0 build
> vite build

[36mvite v8.0.3 [32mbuilding client environment for production...[36m[39m
[2K
transforming...Ô£ô 3160 modules transformed.
node.exe : [31mÔ£ù[39m 
Build failed in 203ms
En línea: 1 Carácter: 1
+ & "C:\Program 
Files\nodejs/node.exe" 
"C:\Program 
Files\nodejs/node_mo ...
+ ~~~~~~~~~~~~~~~~~~~~~~~~~
~~~~~~~~~~~~~~~~~~~~~~~~~~~
~~~~~~~~~~~~~~~~~
    + CategoryInfo         
     : NotSpecified: ([3  
  1mÔ£ù[39m Build faile   
 d in 203ms:String) [],    
 RemoteException
    + FullyQualifiedErrorI 
   d : NativeCommandError
 
[31merror during build:
[31mBuild failed with 2 
errors:

[31m[UNRESOLVED_IMPORT] 
Error:[0m Could not 
resolve '../../context/Kitc
henContext' in src/presenta
tion/features/kitchen/Kitch
enPage.jsx
    [38;5;246mÔò¡[0m[38;
5;246mÔöÇ[0m[38;5;246m[[
0m src/presentation/feature
s/kitchen/KitchenPage.jsx:2
2:87 [38;5;246m][0m
    [38;5;246mÔöé[0m
 [38;5;246m22 Ôöé[0m [38
;5;249mi[0m[38;5;249mm[0
m[38;5;249mp[0m[38;5;249
mo[0m[38;5;249mr[0m[38;
5;249mt[0m[38;5;249m [0m
[38;5;249m{[0m[38;5;249m
 [0m[38;5;249mu[0m[38;5
;249ms[0m[38;5;249me[0m
[38;5;249mK[0m[38;5;249mi
[0m[38;5;249mt[0m[38;5;
249mc[0m[38;5;249mh[0m[
38;5;249me[0m[38;5;249mn
[0m[38;5;249m,[0m[38;5;2
49m [0m[38;5;249mT[0m[3
8;5;249mI[0m[38;5;249mC[
0m[38;5;249mK[0m[38;5;24
9mE[0m[38;5;249mT[0m[38
;5;249m_[0m[38;5;249mS[0
m[38;5;249mT[0m[38;5;249
mA[0m[38;5;249mT[0m[38;
5;249mU[0m[38;5;249mS[0m
[38;5;249m,[0m[38;5;249m
 [0m[38;5;249mT[0m[38;5
;249mI[0m[38;5;249mC[0m
[38;5;249mK[0m[38;5;249mE
[0m[38;5;249mT[0m[38;5;
249m_[0m[38;5;249mS[0m[
38;5;249mT[0m[38;5;249mA
[0m[38;5;249mT[0m[38;5;2
49mU[0m[38;5;249mS[0m[3
8;5;249m_[0m[38;5;249mL[
0m[38;5;249mA[0m[38;5;24
9mB[0m[38;5;249mE[0m[38
;5;249mL[0m[38;5;249mS[0
m[38;5;249m,[0m[38;5;249
m [0m[38;5;249mT[0m[38;
5;249mI[0m[38;5;249mC[0m
[38;5;249mK[0m[38;5;249m
E[0m[38;5;249mT[0m[38;5
;249m_[0m[38;5;249mS[0m
[38;5;249mT[0m[38;5;249mA
[0m[38;5;249mT[0m[38;5;
249mU[0m[38;5;249mS[0m[
38;5;249m_[0m[38;5;249mC
[0m[38;5;249mO[0m[38;5;2
49mL[0m[38;5;249mO[0m[3
8;5;249mR[0m[38;5;249mS[
0m[38;5;249m [0m[38;5;24
9m}[0m[38;5;249m [0m[38
;5;249mf[0m[38;5;249mr[0
m[38;5;249mo[0m[38;5;249
mm[0m[38;5;249m [0m"../.
./context/KitchenContext"[
38;5;249m;[0m
 [38;5;240m   Ôöé[0m     
                           
                           
                           
 ÔöÇÔöÇÔöÇÔöÇÔöÇÔöÇÔöÇÔöÇÔö
ÇÔöÇÔöÇÔöÇÔöÇÔöÇÔöÇÔö¼ÔöÇÔö
ÇÔöÇÔöÇÔöÇÔöÇÔöÇÔöÇÔöÇÔöÇÔö
ÇÔöÇÔöÇÔöÇ  
 [38;5;240m   Ôöé[0m     
                           
                           
                           
                Ôò░ÔöÇÔöÇÔö
ÇÔöÇÔöÇÔöÇÔöÇÔöÇÔöÇÔöÇÔöÇÔö
ÇÔöÇÔöÇÔöÇÔöÇ Module not 
found.
 [38;5;240m   Ôöé[0m 
 [38;5;240m   Ôöé[0m 
[38;5;115mHelp[0m: 'src/p
resentation/features/kitche
n/KitchenPage.jsx' is 
imported by the following 
path:
 [38;5;240m   Ôöé[0m     
    - src/presentation/feat
ures/kitchen/KitchenPage.js
x
 [38;5;240m   Ôöé[0m     
    - src/App.jsx
 [38;5;240m   Ôöé[0m     
    - src/main.jsx
 [38;5;240m   Ôöé[0m     
    - index.html
[38;5;246mÔöÇÔöÇÔöÇÔöÇÔò»
[0m

[31m[UNRESOLVED_IMPORT] 
Error:[0m Could not 
resolve '../../context/Rese
rvationContext' in src/pres
entation/features/history/H
istoryPage.jsx
    [38;5;246mÔò¡[0m[38;
5;246mÔöÇ[0m[38;5;246m[[
0m src/presentation/feature
s/history/HistoryPage.jsx:1
5:83 [38;5;246m][0m
    [38;5;246mÔöé[0m
 [38;5;246m15 Ôöé[0m [38
;5;249mi[0m[38;5;249mm[0
m[38;5;249mp[0m[38;5;249
mo[0m[38;5;249mr[0m[38;
5;249mt[0m[38;5;249m [0m
[38;5;249m{[0m[38;5;249m
 [0m[38;5;249mu[0m[38;5
;249ms[0m[38;5;249me[0m
[38;5;249mR[0m[38;5;249me
[0m[38;5;249ms[0m[38;5;
249me[0m[38;5;249mr[0m[
38;5;249mv[0m[38;5;249ma
[0m[38;5;249mt[0m[38;5;2
49mi[0m[38;5;249mo[0m[3
8;5;249mn[0m[38;5;249ms[
0m[38;5;249m,[0m[38;5;24
9m [0m[38;5;249mR[0m[38
;5;249mE[0m[38;5;249mS[0
m[38;5;249mE[0m[38;5;249
mR[0m[38;5;249mV[0m[38;
5;249mA[0m[38;5;249mT[0m
[38;5;249mI[0m[38;5;249m
O[0m[38;5;249mN[0m[38;5
;249m_[0m[38;5;249mS[0m
[38;5;249mT[0m[38;5;249mA
[0m[38;5;249mT[0m[38;5;
249mU[0m[38;5;249mS[0m[
38;5;249m,[0m[38;5;249m 
[0m[38;5;249mS[0m[38;5;2
49mT[0m[38;5;249mA[0m[3
8;5;249mT[0m[38;5;249mU[
0m[38;5;249mS[0m[38;5;24
9m_[0m[38;5;249mL[0m[38
;5;249mA[0m[38;5;249mB[0
m[38;5;249mE[0m[38;5;249
mL[0m[38;5;249mS[0m[38;
5;249m,[0m[38;5;249m [0m
[38;5;249mS[0m[38;5;249m
T[0m[38;5;249mA[0m[38;5
;249mT[0m[38;5;249mU[0m
[38;5;249mS[0m[38;5;249m_
[0m[38;5;249mC[0m[38;5;
249mO[0m[38;5;249mL[0m[
38;5;249mO[0m[38;5;249mR
[0m[38;5;249mS[0m[38;5;2
49m [0m[38;5;249m}[0m[3
8;5;249m [0m[38;5;249mf[
0m[38;5;249mr[0m[38;5;24
9mo[0m[38;5;249mm[0m[38
;5;249m [0m"../../context/
ReservationContext"[38;5;2
49m;[0m
 [38;5;240m   Ôöé[0m     
                           
                           
                        ÔöÇ
ÔöÇÔöÇÔöÇÔöÇÔöÇÔöÇÔöÇÔöÇÔöÇ
ÔöÇÔöÇÔöÇÔöÇÔöÇÔöÇÔöÇÔö¼ÔöÇ
ÔöÇÔöÇÔöÇÔöÇÔöÇÔöÇÔöÇÔöÇÔöÇ
ÔöÇÔöÇÔöÇÔöÇÔöÇÔöÇ  
 [38;5;240m   Ôöé[0m     
                           
                           
                           
              Ôò░ÔöÇÔöÇÔöÇÔ
öÇÔöÇÔöÇÔöÇÔöÇÔöÇÔöÇÔöÇÔöÇÔ
öÇÔöÇÔöÇÔöÇÔöÇÔöÇ Module 
not found.
 [38;5;240m   Ôöé[0m 
 [38;5;240m   Ôöé[0m 
[38;5;115mHelp[0m: 'src/p
resentation/features/histor
y/HistoryPage.jsx' is 
imported by the following 
path:
 [38;5;240m   Ôöé[0m     
    - src/presentation/feat
ures/history/HistoryPage.js
x
 [38;5;240m   Ôöé[0m     
    - src/App.jsx
 [38;5;240m   Ôöé[0m     
    - src/main.jsx
 [38;5;240m   Ôöé[0m     
    - index.html
[38;5;246mÔöÇÔöÇÔöÇÔöÇÔò»
[0m
[31m
    at aggregateBindingErro
rsIntoJsError (file:///C:/U
sers/wilso/Downloads/Pardos
Reservatios/PardosReservati
os/node_modules/rolldown/di
st/shared/error-BLhcSyeg.mj
s:48:18)
    at unwrapBindingResult 
(file:///C:/Users/wilso/Dow
nloads/PardosReservatios/Pa
rdosReservatios/node_module
s/rolldown/dist/shared/erro
r-BLhcSyeg.mjs:18:128)
    at #build (file:///C:/U
sers/wilso/Downloads/Pardos
Reservatios/PardosReservati
os/node_modules/rolldown/di
st/shared/rolldown-build-CP
rIX9V6.mjs:3313:34)
    at async 
buildEnvironment (file:///C
:/Users/wilso/Downloads/Par
dosReservatios/PardosReserv
atios/node_modules/vite/dis
t/node/chunks/node.js:32849
:64)
    at async Object.build (
file:///C:/Users/wilso/Down
loads/PardosReservatios/Par
dosReservatios/node_modules
/vite/dist/node/chunks/node
.js:33271:19)
    at async 
Object.buildApp (file:///C:
/Users/wilso/Downloads/Pard
osReservatios/PardosReserva
tios/node_modules/vite/dist
/node/chunks/node.js:33268:
153)
    at async 
CAC.<anonymous> (file:///C:
/Users/wilso/Downloads/Pard
osReservatios/PardosReserva
tios/node_modules/vite/dist
/node/cli.js:778:3) {
  errors: [Getter/Setter]
}[39m
